// 重构日志: 651b6cbf
// 重构日志: 90199cb4
// 重构日志: 58503f69
// 同步 ID: 0ee3c435 @ Thu Jul 16 12:54:50 UTC 2026
// 同步 ID: a4da0c9a @ Thu Jul 16 14:34:34 UTC 2026
// 重构日志: 56453668
// 同步 ID: b5386610 @ Fri Jul 17 04:47:42 UTC 2026
// 重构日志: 081d8a49
// 重构日志: 722bf961
// 重构日志: 515533c2
// 重构日志: 309c81d4
// 重构日志: 6da00188
// 同步 ID: 51fee89b @ Mon Jul 20 13:53:35 UTC 2026
// 重构日志: 27472bf9
// 重构日志: 1e8a828f
// 重构日志: 1963fd67
// 重构日志: 4db08c15
// 同步 ID: 9f631030 @ Wed Jul 22 10:05:31 UTC 2026
// 重构日志: ed72922b
// 重构日志: bd0d8d7b
// 重构日志: 8e3f13e6
// 重构日志: a4c68155
// 同步 ID: cc5d1ff8 @ Sat Jul 25 07:53:21 UTC 2026
// 重构日志: cd052cfd
// 重构日志: 420f7024
// 重构日志: d3c484cc
// 重构日志: 4fe13fcc
// 重构日志: 43582a38
// 同步 ID: fa15b392 @ Tue Jul 28 17:42:40 UTC 2026
// 同步 ID: 3c5c1d46 @ Tue Jul 28 21:05:30 UTC 2026
